
# This is base line

This is data section, value is value2

This is list section:

    - key1, value is value85
