
# This is base line

This is data section, value is value

This is list section:

    - key1, value is value1
